Archive member included to satisfy reference by file (symbol)

c:/users/kasun.beddewela/appdata/roaming/xpacks/@xpack-dev-tools/arm-none-eabi-gcc/11.3.1-1.1.2/.content/bin/../lib/gcc/arm-none-eabi/11.3.1/thumb/v7e-m/nofp\libgcc.a(_aeabi_uldivmod.o)
                              ./system/src/stm32f4-hal/stm32f4xx_hal_rcc.o (__aeabi_uldivmod)
c:/users/kasun.beddewela/appdata/roaming/xpacks/@xpack-dev-tools/arm-none-eabi-gcc/11.3.1-1.1.2/.content/bin/../lib/gcc/arm-none-eabi/11.3.1/thumb/v7e-m/nofp\libgcc.a(_udivmoddi4.o)
                              c:/users/kasun.beddewela/appdata/roaming/xpacks/@xpack-dev-tools/arm-none-eabi-gcc/11.3.1-1.1.2/.content/bin/../lib/gcc/arm-none-eabi/11.3.1/thumb/v7e-m/nofp\libgcc.a(_aeabi_uldivmod.o) (__udivmoddi4)
c:/users/kasun.beddewela/appdata/roaming/xpacks/@xpack-dev-tools/arm-none-eabi-gcc/11.3.1-1.1.2/.content/bin/../lib/gcc/arm-none-eabi/11.3.1/thumb/v7e-m/nofp\libgcc.a(_dvmd_tls.o)
                              c:/users/kasun.beddewela/appdata/roaming/xpacks/@xpack-dev-tools/arm-none-eabi-gcc/11.3.1-1.1.2/.content/bin/../lib/gcc/arm-none-eabi/11.3.1/thumb/v7e-m/nofp\libgcc.a(_aeabi_uldivmod.o) (__aeabi_ldiv0)
c:/users/kasun.beddewela/appdata/roaming/xpacks/@xpack-dev-tools/arm-none-eabi-gcc/11.3.1-1.1.2/.content/bin/../lib/gcc/arm-none-eabi/11.3.1/../../../../arm-none-eabi/lib/thumb/v7e-m/nofp\libg_nano.a(libc_a-errno.o)
                              ./system/src/newlib/sbrk.o (__errno)
c:/users/kasun.beddewela/appdata/roaming/xpacks/@xpack-dev-tools/arm-none-eabi-gcc/11.3.1-1.1.2/.content/bin/../lib/gcc/arm-none-eabi/11.3.1/../../../../arm-none-eabi/lib/thumb/v7e-m/nofp\libg_nano.a(libc_a-impure.o)
                              c:/users/kasun.beddewela/appdata/roaming/xpacks/@xpack-dev-tools/arm-none-eabi-gcc/11.3.1-1.1.2/.content/bin/../lib/gcc/arm-none-eabi/11.3.1/../../../../arm-none-eabi/lib/thumb/v7e-m/nofp\libg_nano.a(libc_a-errno.o) (_impure_ptr)

Discarded input sections

 .group         0x0000000000000000        0xc ./system/src/stm32f4-hal/stm32f4xx_hal.o
 .group         0x0000000000000000        0xc ./system/src/stm32f4-hal/stm32f4xx_hal.o
 .group         0x0000000000000000        0xc ./system/src/stm32f4-hal/stm32f4xx_hal.o
 .group         0x0000000000000000        0xc ./system/src/stm32f4-hal/stm32f4xx_hal.o
 .group         0x0000000000000000        0xc ./system/src/stm32f4-hal/stm32f4xx_hal.o
 .group         0x0000000000000000        0xc ./system/src/stm32f4-hal/stm32f4xx_hal.o
 .group         0x0000000000000000        0xc ./system/src/stm32f4-hal/stm32f4xx_hal.o
 .group         0x0000000000000000        0xc ./system/src/stm32f4-hal/stm32f4xx_hal.o
 .group         0x0000000000000000        0xc ./system/src/stm32f4-hal/stm32f4xx_hal.o
 .group         0x0000000000000000        0xc ./system/src/stm32f4-hal/stm32f4xx_hal.o
 .group         0x0000000000000000        0xc ./system/src/stm32f4-hal/stm32f4xx_hal.o
 .group         0x0000000000000000        0xc ./system/src/stm32f4-hal/stm32f4xx_hal.o
 .group         0x0000000000000000        0xc ./system/src/stm32f4-hal/stm32f4xx_hal.o
 .group         0x0000000000000000        0xc ./system/src/stm32f4-hal/stm32f4xx_hal.o
 .group         0x0000000000000000        0xc ./system/src/stm32f4-hal/stm32f4xx_hal.o
 .group         0x0000000000000000        0xc ./system/src/stm32f4-hal/stm32f4xx_hal.o
 .group         0x0000000000000000        0xc ./system/src/stm32f4-hal/stm32f4xx_hal.o
 .group         0x0000000000000000        0xc ./system/src/stm32f4-hal/stm32f4xx_hal.o
 .group         0x0000000000000000        0xc ./system/src/stm32f4-hal/stm32f4xx_hal.o
 .group         0x0000000000000000        0xc ./system/src/stm32f4-hal/stm32f4xx_hal.o
 .group         0x0000000000000000        0xc ./system/src/stm32f4-hal/stm32f4xx_hal.o
 .group         0x0000000000000000        0xc ./system/src/stm32f4-hal/stm32f4xx_hal.o
 .group         0x0000000000000000        0xc ./system/src/stm32f4-hal/stm32f4xx_hal.o
 .group         0x0000000000000000        0xc ./system/src/stm32f4-hal/stm32f4xx_hal.o
 .group         0x0000000000000000        0xc ./system/src/stm32f4-hal/stm32f4xx_hal.o
 .group         0x0000000000000000        0xc ./system/src/stm32f4-hal/stm32f4xx_hal.o
 .group         0x0000000000000000        0xc ./system/src/stm32f4-hal/stm32f4xx_hal.o
 .group         0x0000000000000000        0xc ./system/src/stm32f4-hal/stm32f4xx_hal.o
 .group         0x0000000000000000        0xc ./system/src/stm32f4-hal/stm32f4xx_hal.o
 .group         0x0000000000000000        0xc ./system/src/stm32f4-hal/stm32f4xx_hal.o
 .group         0x0000000000000000        0xc ./system/src/stm32f4-hal/stm32f4xx_hal.o
 .group         0x0000000000000000        0xc ./system/src/stm32f4-hal/stm32f4xx_hal.o
 .group         0x0000000000000000        0xc ./system/src/stm32f4-hal/stm32f4xx_hal.o
 .group         0x0000000000000000        0xc ./system/src/stm32f4-hal/stm32f4xx_hal.o
 .group         0x0000000000000000        0xc ./system/src/stm32f4-hal/stm32f4xx_hal.o
[...]
Memory Configuration

Name             Origin             Length             Attributes
RAM              0x0000000020000000 0x0000000000010000 xrw
CCMRAM           0x0000000010000000 0x0000000000000000 xrw
FLASH            0x0000000008000000 0x0000000000080000 xr
FLASHB1          0x0000000000000000 0x0000000000000000 xr
EXTMEMB0         0x0000000000000000 0x0000000000000000 xr
EXTMEMB1         0x0000000000000000 0x0000000000000000 xr
EXTMEMB2         0x0000000000000000 0x0000000000000000 xr
EXTMEMB3         0x0000000000000000 0x0000000000000000 xr
*default*        0x0000000000000000 0xffffffffffffffff

Linker script and memory map

LOAD ./system/src/stm32f4-hal/stm32f4xx_hal.o
LOAD ./system/src/stm32f4-hal/stm32f4xx_hal_cortex.o
LOAD ./system/src/stm32f4-hal/stm32f4xx_hal_flash.o
LOAD ./system/src/stm32f4-hal/stm32f4xx_hal_flash_ex.o
LOAD ./system/src/stm32f4-hal/stm32f4xx_hal_flash_ramfunc.o
LOAD ./system/src/stm32f4-hal/stm32f4xx_hal_gpio.o
LOAD ./system/src/stm32f4-hal/stm32f4xx_hal_iwdg.o
LOAD ./system/src/stm32f4-hal/stm32f4xx_hal_pwr.o
LOAD ./system/src/stm32f4-hal/stm32f4xx_hal_rcc.o
LOAD ./system/src/newlib/assert.o
LOAD ./system/src/newlib/cxx.o
LOAD ./system/src/newlib/exit.o
LOAD ./system/src/newlib/sbrk.o
LOAD ./system/src/newlib/startup.o
LOAD ./system/src/newlib/syscalls.o
LOAD ./system/src/diag/trace-impl.o
LOAD ./system/src/diag/trace.o
LOAD ./system/src/cortexm/exception-handlers.o
LOAD ./system/src/cortexm/initialize-hardware.o
LOAD ./system/src/cortexm/reset-hardware.o
LOAD ./system/src/cmsis/system_stm32f4xx.o
LOAD ./system/src/cmsis/vectors_stm32f401xe.o
LOAD ./src/initialize-hardware.o
LOAD ./src/main.o
LOAD ./src/stm32f4xx_hal_msp.o
LOAD ./src/write.o
LOAD c:/users/kasun.beddewela/appdata/roaming/xpacks/@xpack-dev-tools/arm-none-eabi-gcc/11.3.1-1.1.2/.content/bin/../lib/gcc/arm-none-eabi/11.3.1/../../../../arm-none-eabi/lib/thumb/v7e-m/nofp\libstdc++_nano.a
LOAD c:/users/kasun.beddewela/appdata/roaming/xpacks/@xpack-dev-tools/arm-none-eabi-gcc/11.3.1-1.1.2/.content/bin/../lib/gcc/arm-none-eabi/11.3.1/../../../../arm-none-eabi/lib/thumb/v7e-m/nofp\libm.a
START GROUP
LOAD c:/users/kasun.beddewela/appdata/roaming/xpacks/@xpack-dev-tools/arm-none-eabi-gcc/11.3.1-1.1.2/.content/bin/../lib/gcc/arm-none-eabi/11.3.1/thumb/v7e-m/nofp\libgcc.a
LOAD c:/users/kasun.beddewela/appdata/roaming/xpacks/@xpack-dev-tools/arm-none-eabi-gcc/11.3.1-1.1.2/.content/bin/../lib/gcc/arm-none-eabi/11.3.1/../../../../arm-none-eabi/lib/thumb/v7e-m/nofp\libg_nano.a
LOAD c:/users/kasun.beddewela/appdata/roaming/xpacks/@xpack-dev-tools/arm-none-eabi-gcc/11.3.1-1.1.2/.content/bin/../lib/gcc/arm-none-eabi/11.3.1/../../../../arm-none-eabi/lib/thumb/v7e-m/nofp\libc_nano.a
END GROUP
START GROUP
LOAD c:/users/kasun.beddewela/appdata/roaming/xpacks/@xpack-dev-tools/arm-none-eabi-gcc/11.3.1-1.1.2/.content/bin/../lib/gcc/arm-none-eabi/11.3.1/thumb/v7e-m/nofp\libgcc.a
LOAD c:/users/kasun.beddewela/appdata/roaming/xpacks/@xpack-dev-tools/arm-none-eabi-gcc/11.3.1-1.1.2/.content/bin/../lib/gcc/arm-none-eabi/11.3.1/../../../../arm-none-eabi/lib/thumb/v7e-m/nofp\libc_nano.a
END GROUP
                0x0000000020010000                __stack = (ORIGIN (RAM) + LENGTH (RAM))
                0x0000000020010000                _estack = __stack
                0x0000000000000400                __Main_Stack_Size = 0x400
                [!provide]                        PROVIDE (_Main_Stack_Size = __Main_Stack_Size)
                0x000000002000fc00                __Main_Stack_Limit = (__stack - __Main_Stack_Size)
                [!provide]                        PROVIDE (_Main_Stack_Limit = __Main_Stack_Limit)
                0x0000000000000100                _Minimum_Stack_Size = 0x100
                0x000000002000002c                PROVIDE (_Heap_Begin = _end_noinit)
                0x000000002000fc00                PROVIDE (_Heap_Limit = (__stack - __Main_Stack_Size))

.isr_vector     0x0000000008000000      0x338
 FILL mask 0xff
                0x0000000008000000                __vectors_start = ABSOLUTE (.)
                0x0000000008000000                __vectors_start__ = ABSOLUTE (.)
 *(.isr_vector)
 .isr_vector    0x0000000008000000      0x194 ./system/src/cmsis/vectors_stm32f401xe.o
                0x0000000008000000                __isr_vectors
 *(.cfmconfig)
 *(.after_vectors .after_vectors.*)
 .after_vectors
                0x0000000008000194      0x130 ./system/src/newlib/startup.o
                0x0000000008000194                _start
 .after_vectors
                0x00000000080002c4       0x70 ./system/src/cortexm/exception-handlers.o
                0x00000000080002c4                Reset_Handler
                0x00000000080002ca                NMI_Handler
                0x00000000080002ce                HardFault_Handler
                0x00000000080002e2                HardFault_Handler_C
                0x00000000080002e6                MemManage_Handler
                0x00000000080002ea                BusFault_Handler
                0x00000000080002fe                BusFault_Handler_C
                0x0000000008000302                UsageFault_Handler
                0x0000000008000316                UsageFault_Handler_C
                0x000000000800031a                SVC_Handler
                0x000000000800031e                DebugMon_Handler
                0x0000000008000322                PendSV_Handler
                0x0000000008000326                SysTick_Handler
 .after_vectors
                0x0000000008000334        0x4 ./system/src/cmsis/vectors_stm32f401xe.o
                0x0000000008000334                RTC_Alarm_IRQHandler
                0x0000000008000334                EXTI2_IRQHandler
                0x0000000008000334                SPI4_IRQHandler
                0x0000000008000334                TIM1_CC_IRQHandler
                0x0000000008000334                DMA2_Stream5_IRQHandler
                0x0000000008000334                DMA1_Stream5_IRQHandler
                0x0000000008000334                PVD_IRQHandler
                0x0000000008000334                SDIO_IRQHandler
                0x0000000008000334                TAMP_STAMP_IRQHandler
                0x0000000008000334                EXTI3_IRQHandler
                0x0000000008000334                TIM1_UP_TIM10_IRQHandler
                0x0000000008000334                I2C3_ER_IRQHandler
                0x0000000008000334                EXTI0_IRQHandler
                0x0000000008000334                I2C2_EV_IRQHandler
                0x0000000008000334                DMA1_Stream2_IRQHandler
                0x0000000008000334                FPU_IRQHandler
                0x0000000008000334                DMA2_Stream2_IRQHandler
                0x0000000008000334                SPI1_IRQHandler
                0x0000000008000334                TIM1_BRK_TIM9_IRQHandler
                0x0000000008000334                DMA2_Stream3_IRQHandler
                0x0000000008000334                USART6_IRQHandler
                0x0000000008000334                DMA2_Stream0_IRQHandler
                0x0000000008000334                TIM4_IRQHandler
                0x0000000008000334                I2C1_EV_IRQHandler
                0x0000000008000334                DMA1_Stream6_IRQHandler
                0x0000000008000334                DMA1_Stream1_IRQHandler
                0x0000000008000334                TIM3_IRQHandler
                0x0000000008000334                RCC_IRQHandler
                0x0000000008000334                Default_Handler
                0x0000000008000334                EXTI15_10_IRQHandler
                0x0000000008000334                ADC_IRQHandler
                0x0000000008000334                DMA1_Stream7_IRQHandler
                0x0000000008000334                TIM5_IRQHandler
                0x0000000008000334                DMA2_Stream7_IRQHandler
                0x0000000008000334                I2C3_EV_IRQHandler
                0x0000000008000334                EXTI9_5_IRQHandler
                0x0000000008000334                RTC_WKUP_IRQHandler
                0x0000000008000334                SPI2_IRQHandler
                0x0000000008000334                DMA1_Stream0_IRQHandler
                0x0000000008000334                EXTI4_IRQHandler
                0x0000000008000334                WWDG_IRQHandler
                0x0000000008000334                TIM2_IRQHandler
                0x0000000008000334                OTG_FS_WKUP_IRQHandler
                0x0000000008000334                TIM1_TRG_COM_TIM11_IRQHandler
                0x0000000008000334                EXTI1_IRQHandler
                0x0000000008000334                USART2_IRQHandler
                0x0000000008000334                I2C2_ER_IRQHandler
                0x0000000008000334                DMA2_Stream1_IRQHandler
                0x0000000008000334                FLASH_IRQHandler
                0x0000000008000334                DMA2_Stream4_IRQHandler
                0x0000000008000334                USART1_IRQHandler
                0x0000000008000334                OTG_FS_IRQHandler
                0x0000000008000334                SPI3_IRQHandler
                0x0000000008000334                DMA1_Stream4_IRQHandler
                0x0000000008000334                I2C1_ER_IRQHandler
                0x0000000008000334                DMA2_Stream6_IRQHandler
                0x0000000008000334                DMA1_Stream3_IRQHandler

.inits          0x0000000008000338       0x28
                0x0000000008000338                __data_regions_array_start = .
                0x0000000008000338        0x4 LONG 0x8001224 LOADADDR (.data)
                0x000000000800033c        0x4 LONG 0x20000000 ADDR (.data)
                0x0000000008000340        0x4 LONG 0x2000001c (ADDR (.data) + SIZEOF (.data))
                0x0000000008000344        0x4 LONG 0x8001224 LOADADDR (.data_CCMRAM)
                0x0000000008000348        0x4 LONG 0x10000000 ADDR (.data_CCMRAM)
                0x000000000800034c        0x4 LONG 0x10000000 (ADDR (.data_CCMRAM) + SIZEOF (.data_CCMRAM))
                0x0000000008000350                __data_regions_array_end = .
                0x0000000008000350                __bss_regions_array_start = .
                0x0000000008000350        0x4 LONG 0x2000001c ADDR (.bss)
                0x0000000008000354        0x4 LONG 0x2000002c (ADDR (.bss) + SIZEOF (.bss))
                0x0000000008000358        0x4 LONG 0x10000000 ADDR (.bss_CCMRAM)
                0x000000000800035c        0x4 LONG 0x10000000 (ADDR (.bss_CCMRAM) + SIZEOF (.bss_CCMRAM))
                0x0000000008000360                __bss_regions_array_end = .
 *(.init)
 *(.fini)
                0x0000000008000360                . = ALIGN (0x4)
                0x0000000008000360                PROVIDE (__preinit_array_start = .)
 *(.preinit_array_sysinit .preinit_array_sysinit.*)
 *(.preinit_array_platform .preinit_array_platform.*)
 *(.preinit_array .preinit_array.*)
                0x0000000008000360                PROVIDE (__preinit_array_end = .)
                0x0000000008000360                . = ALIGN (0x4)
                0x0000000008000360                PROVIDE (__init_array_start = .)
 *(SORT_BY_NAME(.init_array.*))
 *(.init_array)
                0x0000000008000360                PROVIDE (__init_array_end = .)
                0x0000000008000360                . = ALIGN (0x4)
                0x0000000008000360                PROVIDE (__fini_array_start = .)
 *(SORT_BY_NAME(.fini_array.*))
 *(.fini_array)
                0x0000000008000360                PROVIDE (__fini_array_end = .)

.flashtext
 *(.flashtext .flashtext.*)

.text           0x0000000008000360      0xebc
 *(.text .text.*)
 .text.HAL_InitTick
                0x0000000008000360       0x4c ./system/src/stm32f4-hal/stm32f4xx_hal.o
                0x0000000008000360                HAL_InitTick
 .text.HAL_Init
                0x00000000080003ac       0x34 ./system/src/stm32f4-hal/stm32f4xx_hal.o
                0x00000000080003ac                HAL_Init
 .text.HAL_GetTick
                0x00000000080003e0        0xc ./system/src/stm32f4-hal/stm32f4xx_hal.o
                0x00000000080003e0                HAL_GetTick
 .text.HAL_NVIC_SetPriorityGrouping
                0x00000000080003ec       0x3c ./system/src/stm32f4-hal/stm32f4xx_hal_cortex.o
                0x00000000080003ec                HAL_NVIC_SetPriorityGrouping
 .text.HAL_NVIC_SetPriority
                0x0000000008000428       0x8c ./system/src/stm32f4-hal/stm32f4xx_hal_cortex.o
                0x0000000008000428                HAL_NVIC_SetPriority
 .text.HAL_SYSTICK_Config
                0x00000000080004b4       0x28 ./system/src/stm32f4-hal/stm32f4xx_hal_cortex.o
                0x00000000080004b4                HAL_SYSTICK_Config
 .text.HAL_SYSTICK_CLKSourceConfig
                0x00000000080004dc       0x3c ./system/src/stm32f4-hal/stm32f4xx_hal_cortex.o
                0x00000000080004dc                HAL_SYSTICK_CLKSourceConfig
 .text.HAL_RCC_OscConfig
                0x0000000008000518      0x4f8 ./system/src/stm32f4-hal/stm32f4xx_hal_rcc.o
                0x0000000008000518                HAL_RCC_OscConfig
 .text.HAL_RCC_GetSysClockFreq
                0x0000000008000a10       0xdc ./system/src/stm32f4-hal/stm32f4xx_hal_rcc.o
                0x0000000008000a10                HAL_RCC_GetSysClockFreq
 .text.HAL_RCC_ClockConfig
                0x0000000008000aec      0x224 ./system/src/stm32f4-hal/stm32f4xx_hal_rcc.o
                0x0000000008000aec                HAL_RCC_ClockConfig
 .text.HAL_RCC_GetHCLKFreq
                0x0000000008000d10        0xc ./system/src/stm32f4-hal/stm32f4xx_hal_rcc.o
                0x0000000008000d10                HAL_RCC_GetHCLKFreq
 .text._exit    0x0000000008000d1c        0x2 ./system/src/newlib/exit.o
                0x0000000008000d1c                _exit
 *fill*         0x0000000008000d1e        0x2 
 .text.__initialize_args
                0x0000000008000d20       0x10 ./system/src/newlib/syscalls.o
                0x0000000008000d20                __initialize_args
 .text.__initialize_hardware_early
                0x0000000008000d30       0x18 ./system/src/cortexm/initialize-hardware.o
                0x0000000008000d30                __initialize_hardware_early
 .text.SystemInit
                0x0000000008000d48       0x10 ./system/src/cmsis/system_stm32f4xx.o
                0x0000000008000d48                SystemInit
 .text.SystemCoreClockUpdate
                0x0000000008000d58       0xa0 ./system/src/cmsis/system_stm32f4xx.o
                0x0000000008000d58                SystemCoreClockUpdate
 .text.SystemClock_Config
                0x0000000008000df8       0x9c ./src/initialize-hardware.o
                0x0000000008000df8                SystemClock_Config
 .text.__initialize_hardware
                0x0000000008000e94       0x10 ./src/initialize-hardware.o
                0x0000000008000e94                __initialize_hardware
 .text.assert_failed
                0x0000000008000ea4        0x2 ./src/initialize-hardware.o
                0x0000000008000ea4                assert_failed
 .text.main     0x0000000008000ea6        0x2 ./src/main.o
                0x0000000008000ea6                main
 .text.HAL_MspInit
                0x0000000008000ea8        0x2 ./src/stm32f4xx_hal_msp.o
                0x0000000008000ea8                HAL_MspInit
 *fill*         0x0000000008000eaa        0x2 
 .text          0x0000000008000eac       0x30 c:/users/kasun.beddewela/appdata/roaming/xpacks/@xpack-dev-tools/arm-none-eabi-gcc/11.3.1-1.1.2/.content/bin/../lib/gcc/arm-none-eabi/11.3.1/thumb/v7e-m/nofp\libgcc.a(_aeabi_uldivmod.o)
                0x0000000008000eac                __aeabi_uldivmod
 .text.__udivmoddi4
                0x0000000008000edc      0x2c8 c:/users/kasun.beddewela/appdata/roaming/xpacks/@xpack-dev-tools/arm-none-eabi-gcc/11.3.1-1.1.2/.content/bin/../lib/gcc/arm-none-eabi/11.3.1/thumb/v7e-m/nofp\libgcc.a(_udivmoddi4.o)
                0x0000000008000edc                __udivmoddi4
 .text          0x00000000080011a4        0x4 c:/users/kasun.beddewela/appdata/roaming/xpacks/@xpack-dev-tools/arm-none-eabi-gcc/11.3.1-1.1.2/.content/bin/../lib/gcc/arm-none-eabi/11.3.1/thumb/v7e-m/nofp\libgcc.a(_dvmd_tls.o)
                0x00000000080011a4                __aeabi_idiv0
                0x00000000080011a4                __aeabi_ldiv0
 *(.rodata .rodata.* .constdata .constdata.*)
 .rodata.HAL_NVIC_SetPriorityGrouping.str1.4
                0x00000000080011a8       0x31 ./system/src/stm32f4-hal/stm32f4xx_hal_cortex.o
 *fill*         0x00000000080011d9        0x3 
 .rodata.HAL_RCC_OscConfig.str1.4
                0x00000000080011dc       0x2e ./system/src/stm32f4-hal/stm32f4xx_hal_rcc.o
 *fill*         0x000000000800120a        0x2 
 .rodata.AHBPrescTable
                0x000000000800120c       0x10 ./system/src/cmsis/system_stm32f4xx.o
                0x000000000800120c                AHBPrescTable
 *(vtable)
 *(.eh_frame*)
 *(.glue_7)
 .glue_7        0x000000000800121c        0x0 linker stubs
 *(.glue_7t)
 .glue_7t       0x000000000800121c        0x0 linker stubs

.vfp11_veneer   0x000000000800121c        0x0
 .vfp11_veneer  0x000000000800121c        0x0 linker stubs

.v4_bx          0x000000000800121c        0x0
 .v4_bx         0x000000000800121c        0x0 linker stubs

.iplt           0x000000000800121c        0x0
 .iplt          0x000000000800121c        0x0 ./system/src/stm32f4-hal/stm32f4xx_hal.o

.ARM.extab
 *(.ARM.extab* .gnu.linkonce.armextab.*)
                0x000000000800121c                . = ALIGN (0x4)
                0x000000000800121c                __exidx_start = .

.ARM.exidx      0x000000000800121c        0x8
 *(.ARM.exidx* .gnu.linkonce.armexidx.*)
 .ARM.exidx.text.__udivmoddi4
                0x000000000800121c        0x8 c:/users/kasun.beddewela/appdata/roaming/xpacks/@xpack-dev-tools/arm-none-eabi-gcc/11.3.1-1.1.2/.content/bin/../lib/gcc/arm-none-eabi/11.3.1/thumb/v7e-m/nofp\libgcc.a(_udivmoddi4.o)
                0x0000000008001224                __exidx_end = .

.rel.dyn        0x0000000008001224        0x0
 .rel.iplt      0x0000000008001224        0x0 ./system/src/stm32f4-hal/stm32f4xx_hal.o
                0x0000000008001224                . = ALIGN (0x4)
                0x0000000008001224                _etext = .
                0x0000000008001224                __etext = .

.data_CCMRAM    0x0000000010000000        0x0 load address 0x0000000008001224
 FILL mask 0xff
 *(.data.CCMRAM .data.CCMRAM.*)
                0x0000000010000000                . = ALIGN (0x4)
                0x0000000008001224                _sidata = LOADADDR (.data)

.data           0x0000000020000000       0x1c load address 0x0000000008001224
 FILL mask 0xff
                0x0000000020000000                _sdata = .
                0x0000000020000000                __data_start__ = .
 *(.data_begin .data_begin.*)
 .data_begin    0x0000000020000000        0x4 ./system/src/newlib/startup.o
 *(.data .data.*)
 .data.uwTickFreq
                0x0000000020000004        0x1 ./system/src/stm32f4-hal/stm32f4xx_hal.o
                0x0000000020000004                uwTickFreq
 *fill*         0x0000000020000005        0x3 ff
 .data.uwTickPrio
                0x0000000020000008        0x4 ./system/src/stm32f4-hal/stm32f4xx_hal.o
                0x0000000020000008                uwTickPrio
 .data.argv.1   0x000000002000000c        0x8 ./system/src/newlib/syscalls.o
 .data.SystemCoreClock
                0x0000000020000014        0x4 ./system/src/cmsis/system_stm32f4xx.o
                0x0000000020000014                SystemCoreClock
 *(.data_end .data_end.*)
 .data_end      0x0000000020000018        0x4 ./system/src/newlib/startup.o
                0x000000002000001c                . = ALIGN (0x4)
                0x000000002000001c                _edata = .
                0x000000002000001c                __data_end__ = .

.igot.plt       0x000000002000001c        0x0 load address 0x0000000008001240
 .igot.plt      0x000000002000001c        0x0 ./system/src/stm32f4-hal/stm32f4xx_hal.o

.bss_CCMRAM     0x0000000010000000        0x0
 *(.bss.CCMRAM .bss.CCMRAM.*)

.bss            0x000000002000001c       0x10
                0x000000002000001c                __bss_start__ = .
                0x000000002000001c                _sbss = .
 *(.bss_begin .bss_begin.*)
 .bss_begin     0x000000002000001c        0x4 ./system/src/newlib/startup.o
 *(.bss .bss.*)
 .bss.uwTick    0x0000000020000020        0x4 ./system/src/stm32f4-hal/stm32f4xx_hal.o
                0x0000000020000020                uwTick
 .bss.name.0    0x0000000020000024        0x1 ./system/src/newlib/syscalls.o
 *(COMMON)
 *(.bss_end .bss_end.*)
 *fill*         0x0000000020000025        0x3 
 .bss_end       0x0000000020000028        0x4 ./system/src/newlib/startup.o
                0x000000002000002c                . = ALIGN (0x4)
                0x000000002000002c                __bss_end__ = .
                0x000000002000002c                _ebss = .

.noinit_CCMRAM
 *(.noinit.CCMRAM .noinit.CCMRAM.*)

.noinit         0x000000002000002c        0x0
                0x000000002000002c                _noinit = .
 *(.noinit .noinit.*)
                0x000000002000002c                . = ALIGN (0x4)
                0x000000002000002c                _end_noinit = .
                [!provide]                        PROVIDE (end = _end_noinit)
                [!provide]                        PROVIDE (_end = _end_noinit)
                [!provide]                        PROVIDE (__end = _end_noinit)
                [!provide]                        PROVIDE (__end__ = _end_noinit)

._check_stack   0x000000002000002c      0x100
                0x000000002000012c                . = (. + _Minimum_Stack_Size)
 *fill*         0x000000002000002c      0x100 

.b1text
 *(.b1text)
 *(.b1rodata)
 *(.b1rodata.*)

.eb0text
 *(.eb0text)
 *(.eb0rodata)
 *(.eb0rodata.*)

.eb1text
 *(.eb1text)
 *(.eb1rodata)
 *(.eb1rodata.*)

.eb2text
 *(.eb2text)
 *(.eb2rodata)
 *(.eb2rodata.*)

.eb3text
 *(.eb3text)
 *(.eb3rodata)
 *(.eb3rodata.*)

.stab
 *(.stab)

.stabstr
 *(.stabstr)

.stab.excl
 *(.stab.excl)

.stab.exclstr
 *(.stab.exclstr)

.stab.index
 *(.stab.index)

.stab.indexstr
 *(.stab.indexstr)

.comment        0x0000000000000000       0x39
 *(.comment)
 .comment       0x0000000000000000       0x39 ./system/src/stm32f4-hal/stm32f4xx_hal.o
                                         0x3a (size before relaxing)
 .comment       0x0000000000000039       0x3a ./system/src/stm32f4-hal/stm32f4xx_hal_cortex.o
 .comment       0x0000000000000039       0x3a ./system/src/stm32f4-hal/stm32f4xx_hal_rcc.o
 .comment       0x0000000000000039       0x3a ./system/src/newlib/exit.o
 .comment       0x0000000000000039       0x3a ./system/src/newlib/startup.o
 .comment       0x0000000000000039       0x3a ./system/src/newlib/syscalls.o
 .comment       0x0000000000000039       0x3a ./system/src/cortexm/exception-handlers.o
 .comment       0x0000000000000039       0x3a ./system/src/cortexm/initialize-hardware.o
 .comment       0x0000000000000039       0x3a ./system/src/cmsis/system_stm32f4xx.o
 .comment       0x0000000000000039       0x3a ./system/src/cmsis/vectors_stm32f401xe.o
 .comment       0x0000000000000039       0x3a ./src/initialize-hardware.o
 .comment       0x0000000000000039       0x3a ./src/main.o
 .comment       0x0000000000000039       0x3a ./src/stm32f4xx_hal_msp.o
 .comment       0x0000000000000039       0x3a c:/users/kasun.beddewela/appdata/roaming/xpacks/@xpack-dev-tools/arm-none-eabi-gcc/11.3.1-1.1.2/.content/bin/../lib/gcc/arm-none-eabi/11.3.1/thumb/v7e-m/nofp\libgcc.a(_udivmoddi4.o)

.ARM.attributes
                0x0000000000000000       0x2e
 .ARM.attributes
                0x0000000000000000       0x2e ./system/src/stm32f4-hal/stm32f4xx_hal.o
 .ARM.attributes
                0x000000000000002e       0x2e ./system/src/stm32f4-hal/stm32f4xx_hal_cortex.o
 .ARM.attributes
                0x000000000000005c       0x2e ./system/src/stm32f4-hal/stm32f4xx_hal_rcc.o
 .ARM.attributes
                0x000000000000008a       0x2e ./system/src/newlib/exit.o
 .ARM.attributes
                0x00000000000000b8       0x2e ./system/src/newlib/startup.o
 .ARM.attributes
                0x00000000000000e6       0x2e ./system/src/newlib/syscalls.o
 .ARM.attributes
                0x0000000000000114       0x2e ./system/src/cortexm/exception-handlers.o
 .ARM.attributes
                0x0000000000000142       0x2e ./system/src/cortexm/initialize-hardware.o
 .ARM.attributes
                0x0000000000000170       0x2e ./system/src/cmsis/system_stm32f4xx.o
 .ARM.attributes
                0x000000000000019e       0x2e ./system/src/cmsis/vectors_stm32f401xe.o
 .ARM.attributes
                0x00000000000001cc       0x2e ./src/initialize-hardware.o
 .ARM.attributes
                0x00000000000001fa       0x2e ./src/main.o
 .ARM.attributes
                0x0000000000000228       0x2e ./src/stm32f4xx_hal_msp.o
 .ARM.attributes
                0x0000000000000256       0x1e c:/users/kasun.beddewela/appdata/roaming/xpacks/@xpack-dev-tools/arm-none-eabi-gcc/11.3.1-1.1.2/.content/bin/../lib/gcc/arm-none-eabi/11.3.1/thumb/v7e-m/nofp\libgcc.a(_aeabi_uldivmod.o)
 .ARM.attributes
                0x0000000000000274       0x2e c:/users/kasun.beddewela/appdata/roaming/xpacks/@xpack-dev-tools/arm-none-eabi-gcc/11.3.1-1.1.2/.content/bin/../lib/gcc/arm-none-eabi/11.3.1/thumb/v7e-m/nofp\libgcc.a(_udivmoddi4.o)
 .ARM.attributes
                0x00000000000002a2       0x1e c:/users/kasun.beddewela/appdata/roaming/xpacks/@xpack-dev-tools/arm-none-eabi-gcc/11.3.1-1.1.2/.content/bin/../lib/gcc/arm-none-eabi/11.3.1/thumb/v7e-m/nofp\libgcc.a(_dvmd_tls.o)

.debug
 *(.debug)

.line
 *(.line)

.debug_srcinfo
 *(.debug_srcinfo)

.debug_sfnames
 *(.debug_sfnames)

.debug_aranges  0x0000000000000000      0x430
 *(.debug_aranges)
 .debug_aranges
                0x0000000000000000       0xf0 ./system/src/stm32f4-hal/stm32f4xx_hal.o
 .debug_aranges
                0x00000000000000f0       0xa8 ./system/src/stm32f4-hal/stm32f4xx_hal_cortex.o
 .debug_aranges
                0x0000000000000198       0x88 ./system/src/stm32f4-hal/stm32f4xx_hal_rcc.o
 .debug_aranges
                0x0000000000000220       0x28 ./system/src/newlib/exit.o
 .debug_aranges
                0x0000000000000248       0x40 ./system/src/newlib/startup.o
 .debug_aranges
                0x0000000000000288       0x30 ./system/src/newlib/syscalls.o
 .debug_aranges
                0x00000000000002b8       0x80 ./system/src/cortexm/exception-handlers.o
 .debug_aranges
                0x0000000000000338       0x28 ./system/src/cortexm/initialize-hardware.o
 .debug_aranges
                0x0000000000000360       0x28 ./system/src/cmsis/system_stm32f4xx.o
 .debug_aranges
                0x0000000000000388       0x20 ./system/src/cmsis/vectors_stm32f401xe.o
 .debug_aranges
                0x00000000000003a8       0x30 ./src/initialize-hardware.o
 .debug_aranges
                0x00000000000003d8       0x20 ./src/main.o
 .debug_aranges
                0x00000000000003f8       0x38 ./src/stm32f4xx_hal_msp.o

.debug_pubnames
 *(.debug_pubnames)

.debug_info     0x0000000000000000     0x4284
 *(.debug_info .gnu.linkonce.wi.*)
 .debug_info    0x0000000000000000      0x9a0 ./system/src/stm32f4-hal/stm32f4xx_hal.o
 .debug_info    0x00000000000009a0     0x1170 ./system/src/stm32f4-hal/stm32f4xx_hal_cortex.o
 .debug_info    0x0000000000001b10      0xd2f ./system/src/stm32f4-hal/stm32f4xx_hal_rcc.o
 .debug_info    0x000000000000283f       0xf1 ./system/src/newlib/exit.o
 .debug_info    0x0000000000002930      0x54f ./system/src/newlib/startup.o
 .debug_info    0x0000000000002e7f      0x1c3 ./system/src/newlib/syscalls.o
 .debug_info    0x0000000000003042      0x263 ./system/src/cortexm/exception-handlers.o
 .debug_info    0x00000000000032a5      0x278 ./system/src/cortexm/initialize-hardware.o
 .debug_info    0x000000000000351d      0x53d ./system/src/cmsis/system_stm32f4xx.o
 .debug_info    0x0000000000003a5a      0x10b ./system/src/cmsis/vectors_stm32f401xe.o
 .debug_info    0x0000000000003b65      0x5a3 ./src/initialize-hardware.o
 .debug_info    0x0000000000004108       0xc4 ./src/main.o
 .debug_info    0x00000000000041cc       0xb8 ./src/stm32f4xx_hal_msp.o

.debug_abbrev   0x0000000000000000     0x13e1
 *(.debug_abbrev)
 .debug_abbrev  0x0000000000000000      0x280 ./system/src/stm32f4-hal/stm32f4xx_hal.o
 .debug_abbrev  0x0000000000000280      0x3ae ./system/src/stm32f4-hal/stm32f4xx_hal_cortex.o
 .debug_abbrev  0x000000000000062e      0x2dc ./system/src/stm32f4-hal/stm32f4xx_hal_rcc.o
 .debug_abbrev  0x000000000000090a       0xa5 ./system/src/newlib/exit.o
 .debug_abbrev  0x00000000000009af      0x25a ./system/src/newlib/startup.o
 .debug_abbrev  0x0000000000000c09      0x118 ./system/src/newlib/syscalls.o
 .debug_abbrev  0x0000000000000d21      0x128 ./system/src/cortexm/exception-handlers.o
 .debug_abbrev  0x0000000000000e49      0x105 ./system/src/cortexm/initialize-hardware.o
 .debug_abbrev  0x0000000000000f4e      0x121 ./system/src/cmsis/system_stm32f4xx.o
 .debug_abbrev  0x000000000000106f       0xb8 ./system/src/cmsis/vectors_stm32f401xe.o
 .debug_abbrev  0x0000000000001127      0x20c ./src/initialize-hardware.o
 .debug_abbrev  0x0000000000001333       0x67 ./src/main.o
 .debug_abbrev  0x000000000000139a       0x47 ./src/stm32f4xx_hal_msp.o

.debug_line     0x0000000000000000     0x755f
 *(.debug_line)
 .debug_line    0x0000000000000000      0xba0 ./system/src/stm32f4-hal/stm32f4xx_hal.o
 .debug_line    0x0000000000000ba0      0xee7 ./system/src/stm32f4-hal/stm32f4xx_hal_cortex.o
 .debug_line    0x0000000000001a87     0x124c ./system/src/stm32f4-hal/stm32f4xx_hal_rcc.o
 .debug_line    0x0000000000002cd3      0x42e ./system/src/newlib/exit.o
 .debug_line    0x0000000000003101      0x6a9 ./system/src/newlib/startup.o
 .debug_line    0x00000000000037aa      0x57e ./system/src/newlib/syscalls.o
 .debug_line    0x0000000000003d28      0xd22 ./system/src/cortexm/exception-handlers.o
 .debug_line    0x0000000000004a4a      0x868 ./system/src/cortexm/initialize-hardware.o
 .debug_line    0x00000000000052b2      0x8fa ./system/src/cmsis/system_stm32f4xx.o
 .debug_line    0x0000000000005bac      0x14c ./system/src/cmsis/vectors_stm32f401xe.o
 .debug_line    0x0000000000005cf8      0xbdc ./src/initialize-hardware.o
 .debug_line    0x00000000000068d4      0x433 ./src/main.o
 .debug_line    0x0000000000006d07      0x858 ./src/stm32f4xx_hal_msp.o

.debug_frame    0x0000000000000000      0x840
 *(.debug_frame)
 .debug_frame   0x0000000000000000      0x1f0 ./system/src/stm32f4-hal/stm32f4xx_hal.o
 .debug_frame   0x00000000000001f0      0x19c ./system/src/stm32f4-hal/stm32f4xx_hal_cortex.o
 .debug_frame   0x000000000000038c      0x16c ./system/src/stm32f4-hal/stm32f4xx_hal_rcc.o
 .debug_frame   0x00000000000004f8       0x38 ./system/src/newlib/exit.o
 .debug_frame   0x0000000000000530       0x7c ./system/src/newlib/startup.o
 .debug_frame   0x00000000000005ac       0x50 ./system/src/newlib/syscalls.o
 .debug_frame   0x00000000000005fc       0xe8 ./system/src/cortexm/exception-handlers.o
 .debug_frame   0x00000000000006e4       0x40 ./system/src/cortexm/initialize-hardware.o
 .debug_frame   0x0000000000000724       0x30 ./system/src/cmsis/system_stm32f4xx.o
 .debug_frame   0x0000000000000754       0x20 ./system/src/cmsis/vectors_stm32f401xe.o
 .debug_frame   0x0000000000000774       0x5c ./src/initialize-hardware.o
 .debug_frame   0x00000000000007d0       0x20 ./src/main.o
 .debug_frame   0x00000000000007f0       0x50 ./src/stm32f4xx_hal_msp.o

.debug_str      0x0000000000000000    0xa80d9
 *(.debug_str)
 .debug_str     0x0000000000000000    0xa0877 ./system/src/stm32f4-hal/stm32f4xx_hal.o
                                      0xa0bdd (size before relaxing)
 .debug_str     0x00000000000a0877      0x3ae ./system/src/stm32f4-hal/stm32f4xx_hal_cortex.o
                                      0xa08eb (size before relaxing)
 .debug_str     0x00000000000a0c25      0x41d ./system/src/stm32f4-hal/stm32f4xx_hal_rcc.o
                                      0xa05d8 (size before relaxing)
 .debug_str     0x00000000000a1042     0x49e4 ./system/src/newlib/exit.o
                                       0x7baf (size before relaxing)
 .debug_str     0x00000000000a5a26      0x2cb ./system/src/newlib/startup.o
                                       0x66a4 (size before relaxing)
 .debug_str     0x00000000000a5cf1     0x19af ./system/src/newlib/syscalls.o
                                       0x8f4c (size before relaxing)
 .debug_str     0x00000000000a76a0      0x1f4 ./system/src/cortexm/exception-handlers.o
                                      0xa4ae8 (size before relaxing)
 .debug_str     0x00000000000a7894       0x5d ./system/src/cortexm/initialize-hardware.o
                                      0xa00c2 (size before relaxing)
 .debug_str     0x00000000000a78f1       0x46 ./system/src/cmsis/system_stm32f4xx.o
                                      0xa01c2 (size before relaxing)
 .debug_str     0x00000000000a7937       0x59 ./system/src/cmsis/vectors_stm32f401xe.o
                                       0x399f (size before relaxing)
 .debug_str     0x00000000000a7990       0x49 ./src/initialize-hardware.o
                                      0xa3b07 (size before relaxing)
 .debug_str     0x00000000000a79d9      0x6c3 ./src/main.o
                                       0x8249 (size before relaxing)
 .debug_str     0x00000000000a809c       0x3d ./src/stm32f4xx_hal_msp.o
                                      0xa0002 (size before relaxing)

.debug_loc
 *(.debug_loc)

.debug_macinfo
 *(.debug_macinfo)

.debug_weaknames
 *(.debug_weaknames)

.debug_funcnames
 *(.debug_funcnames)

.debug_typenames
 *(.debug_typenames)

.debug_varnames
 *(.debug_varnames)
OUTPUT(TestSTM32F4Simple.elf elf32-littlearm)
LOAD linker stubs

.debug_loclists
                0x0000000000000000      0xe51
 .debug_loclists
                0x0000000000000000       0xbe ./system/src/stm32f4-hal/stm32f4xx_hal.o
 .debug_loclists
                0x00000000000000be      0x5ad ./system/src/stm32f4-hal/stm32f4xx_hal_cortex.o
 .debug_loclists
                0x000000000000066b      0x3a8 ./system/src/stm32f4-hal/stm32f4xx_hal_rcc.o
 .debug_loclists
                0x0000000000000a13       0x17 ./system/src/newlib/exit.o
 .debug_loclists
                0x0000000000000a2a      0x2b7 ./system/src/newlib/startup.o
 .debug_loclists
                0x0000000000000ce1       0x51 ./system/src/newlib/syscalls.o
 .debug_loclists
                0x0000000000000d32       0xdb ./system/src/cmsis/system_stm32f4xx.o
 .debug_loclists
                0x0000000000000e0d       0x22 ./src/initialize-hardware.o
 .debug_loclists
                0x0000000000000e2f       0x22 ./src/main.o

.debug_rnglists
                0x0000000000000000      0x368
 .debug_rnglists
                0x0000000000000000       0xaf ./system/src/stm32f4-hal/stm32f4xx_hal.o
 .debug_rnglists
                0x00000000000000af       0xc3 ./system/src/stm32f4-hal/stm32f4xx_hal_cortex.o
 .debug_rnglists
                0x0000000000000172       0x75 ./system/src/stm32f4-hal/stm32f4xx_hal_rcc.o
 .debug_rnglists
                0x00000000000001e7       0x19 ./system/src/newlib/exit.o
 .debug_rnglists
                0x0000000000000200       0x50 ./system/src/newlib/startup.o
 .debug_rnglists
                0x0000000000000250       0x1f ./system/src/newlib/syscalls.o
 .debug_rnglists
                0x000000000000026f       0x5b ./system/src/cortexm/exception-handlers.o
 .debug_rnglists
                0x00000000000002ca       0x19 ./system/src/cortexm/initialize-hardware.o
 .debug_rnglists
                0x00000000000002e3       0x1a ./system/src/cmsis/system_stm32f4xx.o
 .debug_rnglists
                0x00000000000002fd       0x13 ./system/src/cmsis/vectors_stm32f401xe.o
 .debug_rnglists
                0x0000000000000310       0x20 ./src/initialize-hardware.o
 .debug_rnglists
                0x0000000000000330       0x13 ./src/main.o
 .debug_rnglists
                0x0000000000000343       0x25 ./src/stm32f4xx_hal_msp.o

.debug_macro    0x0000000000000000    0x1a8f9
 .debug_macro   0x0000000000000000      0x3e6 ./system/src/stm32f4-hal/stm32f4xx_hal.o
 .debug_macro   0x00000000000003e6      0xaa2 ./system/src/stm32f4-hal/stm32f4xx_hal.o
 .debug_macro   0x0000000000000e88      0x3a2 ./system/src/stm32f4-hal/stm32f4xx_hal.o
 .debug_macro   0x000000000000122a       0x2e ./system/src/stm32f4-hal/stm32f4xx_hal.o
 .debug_macro   0x0000000000001258       0x28 ./system/src/stm32f4-hal/stm32f4xx_hal.o
 .debug_macro   0x0000000000001280      0x34e ./system/src/stm32f4-hal/stm32f4xx_hal.o
 .debug_macro   0x00000000000015ce       0x1c ./system/src/stm32f4-hal/stm32f4xx_hal.o
 .debug_macro   0x00000000000015ea       0x22 ./system/src/stm32f4-hal/stm32f4xx_hal.o
 .debug_macro   0x000000000000160c       0xd9 ./system/src/stm32f4-hal/stm32f4xx_hal.o
 .debug_macro   0x00000000000016e5     0x102d ./system/src/stm32f4-hal/stm32f4xx_hal.o
 .debug_macro   0x0000000000002712      0x11f ./system/src/stm32f4-hal/stm32f4xx_hal.o
 .debug_macro   0x0000000000002831     0xb850 ./system/src/stm32f4-hal/stm32f4xx_hal.o
 .debug_macro   0x000000000000e081       0x43 ./system/src/stm32f4-hal/stm32f4xx_hal.o
 .debug_macro   0x000000000000e0c4     0x3659 ./system/src/stm32f4-hal/stm32f4xx_hal.o
 .debug_macro   0x000000000001171d      0x174 ./system/src/stm32f4-hal/stm32f4xx_hal.o
 .debug_macro   0x0000000000011891       0x5a ./system/src/stm32f4-hal/stm32f4xx_hal.o
 .debug_macro   0x00000000000118eb      0x416 ./system/src/stm32f4-hal/stm32f4xx_hal.o
 .debug_macro   0x0000000000011d01      0x9fe ./system/src/stm32f4-hal/stm32f4xx_hal.o
 .debug_macro   0x00000000000126ff      0x117 ./system/src/stm32f4-hal/stm32f4xx_hal.o
 .debug_macro   0x0000000000012816       0xf8 ./system/src/stm32f4-hal/stm32f4xx_hal.o
 .debug_macro   0x000000000001290e       0x27 ./system/src/stm32f4-hal/stm32f4xx_hal.o
 .debug_macro   0x0000000000012935      0x15f ./system/src/stm32f4-hal/stm32f4xx_hal.o
 .debug_macro   0x0000000000012a94      0x287 ./system/src/stm32f4-hal/stm32f4xx_hal.o
 .debug_macro   0x0000000000012d1b       0x5f ./system/src/stm32f4-hal/stm32f4xx_hal.o
 .debug_macro   0x0000000000012d7a      0x236 ./system/src/stm32f4-hal/stm32f4xx_hal.o
 .debug_macro   0x0000000000012fb0      0x391 ./system/src/stm32f4-hal/stm32f4xx_hal.o
 .debug_macro   0x0000000000013341      0x176 ./system/src/stm32f4-hal/stm32f4xx_hal.o
 .debug_macro   0x00000000000134b7       0xf9 ./system/src/stm32f4-hal/stm32f4xx_hal.o
 .debug_macro   0x00000000000135b0       0x22 ./system/src/stm32f4-hal/stm32f4xx_hal.o
 .debug_macro   0x00000000000135d2      0x132 ./system/src/stm32f4-hal/stm32f4xx_hal.o
 .debug_macro   0x0000000000013704      0x264 ./system/src/stm32f4-hal/stm32f4xx_hal.o
 .debug_macro   0x0000000000013968       0x2e ./system/src/stm32f4-hal/stm32f4xx_hal.o
 .debug_macro   0x0000000000013996      0x1b5 ./system/src/stm32f4-hal/stm32f4xx_hal.o
 .debug_macro   0x0000000000013b4b       0x22 ./system/src/stm32f4-hal/stm32f4xx_hal.o
 .debug_macro   0x0000000000013b6d       0xd6 ./system/src/stm32f4-hal/stm32f4xx_hal.o
 .debug_macro   0x0000000000013c43      0x279 ./system/src/stm32f4-hal/stm32f4xx_hal.o
 .debug_macro   0x0000000000013ebc      0x1a7 ./system/src/stm32f4-hal/stm32f4xx_hal.o
 .debug_macro   0x0000000000014063       0x46 ./system/src/stm32f4-hal/stm32f4xx_hal.o
 .debug_macro   0x00000000000140a9       0x4a ./system/src/stm32f4-hal/stm32f4xx_hal.o
 .debug_macro   0x00000000000140f3       0x78 ./system/src/stm32f4-hal/stm32f4xx_hal.o
 .debug_macro   0x000000000001416b      0x11a ./system/src/stm32f4-hal/stm32f4xx_hal.o
 .debug_macro   0x0000000000014285       0x85 ./system/src/stm32f4-hal/stm32f4xx_hal.o
 .debug_macro   0x000000000001430a       0x89 ./system/src/stm32f4-hal/stm32f4xx_hal.o
 .debug_macro   0x0000000000014393      0x31a ./system/src/stm32f4-hal/stm32f4xx_hal.o
 .debug_macro   0x00000000000146ad      0x405 ./system/src/stm32f4-hal/stm32f4xx_hal.o
 .debug_macro   0x0000000000014ab2       0xe4 ./system/src/stm32f4-hal/stm32f4xx_hal.o
 .debug_macro   0x0000000000014b96      0x861 ./system/src/stm32f4-hal/stm32f4xx_hal.o
 .debug_macro   0x00000000000153f7      0x1d5 ./system/src/stm32f4-hal/stm32f4xx_hal.o
 .debug_macro   0x00000000000155cc      0x225 ./system/src/stm32f4-hal/stm32f4xx_hal.o
 .debug_macro   0x00000000000157f1      0x8a0 ./system/src/stm32f4-hal/stm32f4xx_hal.o
 .debug_macro   0x0000000000016091       0x47 ./system/src/stm32f4-hal/stm32f4xx_hal.o
 .debug_macro   0x00000000000160d8      0x287 ./system/src/stm32f4-hal/stm32f4xx_hal.o
 .debug_macro   0x000000000001635f      0x217 ./system/src/stm32f4-hal/stm32f4xx_hal.o
 .debug_macro   0x0000000000016576      0x1b5 ./system/src/stm32f4-hal/stm32f4xx_hal.o
 .debug_macro   0x000000000001672b      0x2db ./system/src/stm32f4-hal/stm32f4xx_hal.o
 .debug_macro   0x0000000000016a06       0x8d ./system/src/stm32f4-hal/stm32f4xx_hal.o
 .debug_macro   0x0000000000016a93      0x21e ./system/src/stm32f4-hal/stm32f4xx_hal.o
 .debug_macro   0x0000000000016cb1       0xba ./system/src/stm32f4-hal/stm32f4xx_hal.o
 .debug_macro   0x0000000000016d6b       0x6e ./system/src/stm32f4-hal/stm32f4xx_hal.o
 .debug_macro   0x0000000000016dd9      0x1e9 ./system/src/stm32f4-hal/stm32f4xx_hal.o
 .debug_macro   0x0000000000016fc2      0x126 ./system/src/stm32f4-hal/stm32f4xx_hal.o
 .debug_macro   0x00000000000170e8      0x386 ./system/src/stm32f4-hal/stm32f4xx_hal_cortex.o
 .debug_macro   0x000000000001746e      0x3aa ./system/src/stm32f4-hal/stm32f4xx_hal_rcc.o
 .debug_macro   0x0000000000017818      0x1ae ./system/src/newlib/exit.o
 .debug_macro   0x00000000000179c6      0x15f ./system/src/newlib/startup.o
 .debug_macro   0x0000000000017b25      0xaa8 ./system/src/newlib/startup.o
 .debug_macro   0x00000000000185cd      0x239 ./system/src/newlib/syscalls.o
 .debug_macro   0x0000000000018806       0x1c ./system/src/newlib/syscalls.o
 .debug_macro   0x0000000000018822       0x10 ./system/src/newlib/syscalls.o
 .debug_macro   0x0000000000018832       0x10 ./system/src/newlib/syscalls.o
 .debug_macro   0x0000000000018842       0x10 ./system/src/newlib/syscalls.o
 .debug_macro   0x0000000000018852       0x35 ./system/src/newlib/syscalls.o
 .debug_macro   0x0000000000018887      0x12c ./system/src/newlib/syscalls.o
 .debug_macro   0x00000000000189b3       0xce ./system/src/newlib/syscalls.o
 .debug_macro   0x0000000000018a81       0x7c ./system/src/newlib/syscalls.o
 .debug_macro   0x0000000000018afd       0x17 ./system/src/newlib/syscalls.o
 .debug_macro   0x0000000000018b14      0x118 ./system/src/newlib/syscalls.o
 .debug_macro   0x0000000000018c2c      0x18a ./system/src/newlib/syscalls.o
 .debug_macro   0x0000000000018db6       0x16 ./system/src/newlib/syscalls.o
 .debug_macro   0x0000000000018dcc      0x544 ./system/src/cortexm/exception-handlers.o
 .debug_macro   0x0000000000019310       0x22 ./system/src/cortexm/exception-handlers.o
 .debug_macro   0x0000000000019332       0x10 ./system/src/cortexm/exception-handlers.o
 .debug_macro   0x0000000000019342       0x10 ./system/src/cortexm/exception-handlers.o
 .debug_macro   0x0000000000019352      0x390 ./system/src/cortexm/initialize-hardware.o
 .debug_macro   0x00000000000196e2      0x38c ./system/src/cmsis/system_stm32f4xx.o
 .debug_macro   0x0000000000019a6e       0x34 ./system/src/cmsis/vectors_stm32f401xe.o
 .debug_macro   0x0000000000019aa2      0x4cb ./src/initialize-hardware.o
 .debug_macro   0x0000000000019f6d      0x1ee ./src/main.o
 .debug_macro   0x000000000001a15b       0x16 ./src/main.o
 .debug_macro   0x000000000001a171       0x97 ./src/main.o
 .debug_macro   0x000000000001a208       0xfd ./src/main.o
 .debug_macro   0x000000000001a305       0x10 ./src/main.o
 .debug_macro   0x000000000001a315       0x16 ./src/main.o
 .debug_macro   0x000000000001a32b       0x16 ./src/main.o
 .debug_macro   0x000000000001a341      0x171 ./src/main.o
 .debug_macro   0x000000000001a4b2       0xc1 ./src/main.o
 .debug_macro   0x000000000001a573      0x386 ./src/stm32f4xx_hal_msp.o
